>> CPU mode: 2 PyTorch intra-op thread(s), 1 inter-op thread(s)
>> Seeded RNGs with --seed 4 (random search baseline B and DDPG exploration noise are now reproducible for this run)

>> Extracting alexnet Workload via torch.fx graph tracing...
>> Per-layer VMM/VVA breakdown (alexnet, Figure-6 aggregate targets with explicit reconstructed per-layer grids, extracted via torch.fx true computational-graph tracing):
   Layer                          Type        Cin   Cout    M    N    VMM   VVA
   features.0                     conv          3     64    7    2     14     7
   features.3                     conv         64    192   12    4     48    12
   features.6                     conv        192    384    6    4     24     6
   features.8                     conv        384    256    6    6     36     6
   features.10                    conv        256    256    5    5     25     5
   classifier.1                   linear     9216   4096   16   36    576    16
   classifier.4                   linear     4096   4096   16   16    256    16
   classifier.6                   linear     4096   1000    4   16     64     4
>> Paper-target partitioning: CONV=183, FC=932 -> 183 logic cores (VMM+VVA)

>> Paper-pipeline reconstruction: 4 block(s), XY routing and shared-link contention; GRS gateway/block count are assumptions
>> Masked CONV region: chips [0], 256 physical cores for 183 logic cores (minimal whole-chip reconstruction)
System : MultiChipTopology(4x4 chips, 16x16 cores/chip, total=4096 cores, topology=mesh, routing=paper_xy)
Tasks  : 183
Algo   : asa
--------------------------------------------------
>> Objective sensitivity (64 random placements): min=4.17004688e-05, median=4.46782031e-05, max=4.80813281e-05, relative span=14.282%
>> Best sampled bottleneck: compute=3.5745e-05, communication=5.95546875e-06, compute fraction=85.718%, headroom above compute floor=14.282%

Final placement cost : 4.14169e-05
  On-chip  comm cost : 0.00030273
  Off-chip comm cost : 0
  Chip placement     : [131  77 118 184 101 225  39  52  17 152 186 140 234  74 204 195 122 105
 133  44   9 179 214 132 244  27  67  54   6  86 208  92  66 241  69 251
  42  79 242 223  73 121  64  28 153 124  99  72 188  45  12  95  71 205
 187  76 172 217 112 237 218 130 219  10 129 117  60 110 229  41  59  78
 164  11  20 182  26  18 127  70   2 165 255   0 171  50 247 190  51 162
 161 199 243 215  91  22 150   1 142 180  56  25 216 144 177 149 167  31
 249 224 198  48 227 211 174 108 189 254   4 226 245 175  84  65  19  75
  87 137 145 168  32 114 200 181 119 156 233 120 246  62 201  58 100 116
 212 203  57 207  97 253 135 106 138   7  15 232  83  47  82  23  46   5
  30 221 136 210 148 126 236 213 115  43 159 154 238 191 170 107  63 141
 128 155  53]
