>> CPU mode: 2 PyTorch intra-op thread(s), 1 inter-op thread(s)
>> Seeded RNGs with --seed 2 (random search baseline B and DDPG exploration noise are now reproducible for this run)

>> Extracting alexnet Workload via torch.fx graph tracing...
>> Per-layer VMM/VVA breakdown (alexnet, Figure-6 aggregate targets with explicit reconstructed per-layer grids, extracted via torch.fx true computational-graph tracing):
   Layer                          Type        Cin   Cout    M    N    VMM   VVA
   features.0                     conv          3     64    7    2     14     7
   features.3                     conv         64    192   12    4     48    12
   features.6                     conv        192    384    6    4     24     6
   features.8                     conv        384    256    6    6     36     6
   features.10                    conv        256    256    5    5     25     5
   classifier.1                   linear     9216   4096   16   36    576    16
   classifier.4                   linear     4096   4096   16   16    256    16
   classifier.6                   linear     4096   1000    4   16     64     4
>> Paper-target partitioning: CONV=183, FC=932 -> 183 logic cores (VMM+VVA)

>> Paper-pipeline reconstruction: 4 block(s), XY routing and shared-link contention; GRS gateway/block count are assumptions
>> Masked CONV region: chips [0], 256 physical cores for 183 logic cores (minimal whole-chip reconstruction)
System : MultiChipTopology(4x4 chips, 16x16 cores/chip, total=4096 cores, topology=mesh, routing=paper_xy)
Tasks  : 183
Algo   : bs
--------------------------------------------------
>> Objective sensitivity (64 random placements): min=4.12750781e-05, median=4.44655078e-05, max=4.80813281e-05, relative span=15.307%
>> Best sampled bottleneck: compute=3.5745e-05, communication=5.53007813e-06, compute fraction=86.602%, headroom above compute floor=13.398%

Final placement cost : 4.21259e-05
  On-chip  comm cost : 0.000148328
  Off-chip comm cost : 0
  Chip placement     : [  0   1   2   3   4   5   6   7   8   9  10  11  12  13  14  15  16  17
  18  19  20  21  22  23  24  25  26  27  28  29  30  31  32  33  34  35
  36  37  38  39  40  41  42  43  44  45  46  47  48  49  50  51  52  53
  54  55  56  57  58  59  60  61  62  63  64  65  66  67  68  69  70  71
  72  73  74  75  76  77  78  79  80  81  82  83  84  85  86  87  88  89
  90  91  92  93  94  95  96  97  98  99 100 101 102 103 104 105 106 107
 108 109 110 111 112 113 114 115 116 117 118 119 120 121 122 123 124 125
 126 127 128 129 130 131 132 133 134 135 136 137 138 139 140 141 142 143
 144 145 146 147 148 149 150 151 152 153 154 155 156 157 158 159 160 161
 162 163 164 165 166 167 168 169 170 171 172 173 174 175 176 177 178 179
 180 181 182]
