>> CPU mode: 2 PyTorch intra-op thread(s), 1 inter-op thread(s)
>> Seeded RNGs with --seed 0 (random search baseline B and DDPG exploration noise are now reproducible for this run)

>> Extracting alexnet Workload via torch.fx graph tracing...
>> Per-layer VMM/VVA breakdown (alexnet, Figure-6 aggregate targets with explicit reconstructed per-layer grids, extracted via torch.fx true computational-graph tracing):
   Layer                          Type        Cin   Cout    M    N    VMM   VVA
   features.0                     conv          3     64    7    2     14     7
   features.3                     conv         64    192   12    4     48    12
   features.6                     conv        192    384    6    4     24     6
   features.8                     conv        384    256    6    6     36     6
   features.10                    conv        256    256    5    5     25     5
   classifier.1                   linear     9216   4096   16   36    576    16
   classifier.4                   linear     4096   4096   16   16    256    16
   classifier.6                   linear     4096   1000    4   16     64     4
>> Paper-target partitioning: CONV=183, FC=932 -> 183 logic cores (VMM+VVA)

>> Paper-pipeline reconstruction: 4 block(s), XY routing and shared-link contention; GRS gateway/block count are assumptions
>> Masked CONV region: chips [0], 256 physical cores for 183 logic cores (minimal whole-chip reconstruction)
System : MultiChipTopology(4x4 chips, 16x16 cores/chip, total=4096 cores, topology=mesh, routing=paper_xy)
Tasks  : 183
Algo   : random
--------------------------------------------------
>> Objective sensitivity (64 random placements): min=4.1416875e-05, median=4.42528125e-05, max=4.75614062e-05, relative span=13.885%
>> Best sampled bottleneck: compute=3.5745e-05, communication=5.671875e-06, compute fraction=86.305%, headroom above compute floor=13.695%
[RS] WARNING: n_trials=82 is far below the paper's 1,000,000-sample search budget (Sec 4.2). Results are not directly comparable to the paper's reported RS baseline until run at closer to that scale.

Final placement cost : 4.14169e-05
  On-chip  comm cost : 0.000327063
  Off-chip comm cost : 0
  Chip placement     : [148 101 112  79 245 136   9  40 122 248 229 251  27 169  29 121 208 187
  72 238 204  78  77 100   8 150 209  68  84 194 118  17  15 195 166 182
 212  75  56 116 162 252 140  52  96 224 108  10 239 203  23  94   1 218
 214  14   0 231 159  11  39 152  43 120 221  20 149  35   5 143  34  26
  19 181  16 155 242 241  51  25 124 110 190 178 240 114 128 193 138 184
 188  95 244 130  33 173 129 198 141  63  24 211 164 135  82 186 146 139
 232 234  61 144 205 222 103  93 237  90 197 153 236   2 199  36  65  53
 165  47 172 106  62 235 145  85 220 137 161 104 210 111 226  22 227  44
 225 250  41 176  80  12  64 254 156  18 107  32 109 180  81 200 201 247
  88  31  45 177  13 192  49  71  91   4  97  42 127  50 113 215 228 185
 160 119 115]
