>> CPU mode: 2 PyTorch intra-op thread(s), 1 inter-op thread(s)
>> Seeded RNGs with --seed 3 (random search baseline B and DDPG exploration noise are now reproducible for this run)

>> Extracting alexnet Workload via torch.fx graph tracing...
>> Per-layer VMM/VVA breakdown (alexnet, Figure-6 aggregate targets with explicit reconstructed per-layer grids, extracted via torch.fx true computational-graph tracing):
   Layer                          Type        Cin   Cout    M    N    VMM   VVA
   features.0                     conv          3     64    7    2     14     7
   features.3                     conv         64    192   12    4     48    12
   features.6                     conv        192    384    6    4     24     6
   features.8                     conv        384    256    6    6     36     6
   features.10                    conv        256    256    5    5     25     5
   classifier.1                   linear     9216   4096   16   36    576    16
   classifier.4                   linear     4096   4096   16   16    256    16
   classifier.6                   linear     4096   1000    4   16     64     4
>> Paper-target partitioning: CONV=183, FC=932 -> 183 logic cores (VMM+VVA)

>> Paper-pipeline reconstruction: 4 block(s), XY routing and shared-link contention; GRS gateway/block count are assumptions
>> Masked CONV region: chips [0], 256 physical cores for 183 logic cores (minimal whole-chip reconstruction)
System : MultiChipTopology(4x4 chips, 16x16 cores/chip, total=4096 cores, topology=mesh, routing=paper_xy)
Tasks  : 183
Algo   : random
--------------------------------------------------
>> Objective sensitivity (64 random placements): min=4.17004688e-05, median=4.42528125e-05, max=4.94520312e-05, relative span=17.517%
>> Best sampled bottleneck: compute=3.5745e-05, communication=5.95546875e-06, compute fraction=85.718%, headroom above compute floor=14.282%
[RS] WARNING: n_trials=82 is far below the paper's 1,000,000-sample search budget (Sec 4.2). Results are not directly comparable to the paper's reported RS baseline until run at closer to that scale.

Final placement cost : 4.17005e-05
  On-chip  comm cost : 0.000318349
  Off-chip comm cost : 0
  Chip placement     : [ 27 207 143 171 196  40 186 105 175  86 226  84 167  48  68 154  70   5
 229 144 131 253  94 137  49  34   6 188 133  56 124 122 112  91  13 161
 168 213 205 156 195 190 178 197 206  93 232 136  82  72  83 104 192 100
 173  79  12 243 238  19  42   4 153 234 101 179 118  61 228 130 163  89
  10  75 187  97 158 203  17  66   1  32  60 120  92 106 111 108  37 160
   8  43  98 117  53 174  33 146 193  16 224 240  46   2  38  76 191 139
  88 236  30 242   3 102   0 138 199 110  28 115  77 200 185 159 172  58
 220 135 157 212  96 231   7 177 162 250 248 147 148  22 202  90  39 142
  57 189  31  51 125  47  11 215 170  18  29 126 128  81 221 201  54  41
 217 247  52 103 132 245  64 244 145  26  73  15 216 141  23 114 166 109
 134  87  50]
