>> CPU mode: 2 PyTorch intra-op thread(s), 1 inter-op thread(s)
>> Seeded RNGs with --seed 1 (random search baseline B and DDPG exploration noise are now reproducible for this run)

>> Extracting alexnet Workload via torch.fx graph tracing...
>> Per-layer VMM/VVA breakdown (alexnet, Figure-6 aggregate targets with explicit reconstructed per-layer grids, extracted via torch.fx true computational-graph tracing):
   Layer                          Type        Cin   Cout    M    N    VMM   VVA
   features.0                     conv          3     64    7    2     14     7
   features.3                     conv         64    192   12    4     48    12
   features.6                     conv        192    384    6    4     24     6
   features.8                     conv        384    256    6    6     36     6
   features.10                    conv        256    256    5    5     25     5
   classifier.1                   linear     9216   4096   16   36    576    16
   classifier.4                   linear     4096   4096   16   16    256    16
   classifier.6                   linear     4096   1000    4   16     64     4
>> Paper-target partitioning: CONV=183, FC=932 -> 183 logic cores (VMM+VVA)

>> Paper-pipeline reconstruction: 4 block(s), XY routing and shared-link contention; GRS gateway/block count are assumptions
>> Masked CONV region: chips [0], 256 physical cores for 183 logic cores (minimal whole-chip reconstruction)
System : MultiChipTopology(4x4 chips, 16x16 cores/chip, total=4096 cores, topology=mesh, routing=paper_xy)
Tasks  : 183
Algo   : sa
--------------------------------------------------
>> Objective sensitivity (64 random placements): min=4.21258594e-05, median=4.42528125e-05, max=4.72305469e-05, relative span=11.535%
>> Best sampled bottleneck: compute=3.5745e-05, communication=6.38085938e-06, compute fraction=84.853%, headroom above compute floor=15.147%
[SA] WARNING: n_iter=82 is far below the paper's ~1,000,000-placement search budget (Sec 4.2). Results are not directly comparable to the paper's reported SA baseline until run at closer to that scale.

Final placement cost : 4.33075e-05
  On-chip  comm cost : 0.000324767
  Off-chip comm cost : 0
  Chip placement     : [ 68 145 216  60  82  16  65  30 126 229 147 120  59  97 201  53  24 124
   7 228 161  99 110 155 251 196   0 178 114  98 184 252  58 151 232  81
 237   5   6 243 129   2 162 158  55 108 185 219 135  56 231 112 247 111
  39  88 241 173 206 246 117  74 218 106 142 139  25  47 213 209  75 248
  85 182 128 210 138 171  48  77  72 150  73 179 100 174   8 249  62 103
 192  44  93 140 164  22 204  45  27  35 133 195 160 125 208 244  11 122
 154  43 146 181 223   3  51 215 199 119 131 200  90 224 226   1  64  29
  52 109  14 198 141  46 212  70 189 170  19 172 167 104 130 240 190 194
 123  69  34 152 148  42 143  76 191 102  33 220  91 205 230  23 149 127
  32   4  86   9  10 214 175 132  41  31  79  61 144  96 113 137 169  17
  57 163  67]
